16785320 35609178 48512360 48602197 10284370 10324557
