38650124 58472630 93814765 10295718 15878039 17440596 17492309
