12765480 13574920 14058396 15789624 16805374 17820956 35892014 39165872
