36915478 62391784 2691873 8459716 11387526 11489562 12167958 12279345 12438716
