15963274 21347569 27845196 47153296 48396712 51742896 54367298 59714283 62875914 4873169
