20317956 41753609 54187609 71380952 75849126 78291634 79451208 93015276 97428350 761403152
